Module: first
    This module uses another module in a separate file 
   main()
       This function calls the other module's function 

Module: second
   method()
       This method is called by a method in another file 

