Module: variableArguments
   variable(x..)
        This method has a variable number of arguments 

   variableCommentless(c..)

   limited(x..)
       This method requires a specific number of arguments, w/o limiting type 

   limitedCommentless(x..)

   specifyMe(q..)
       This methods can take any number of arguments, but that number must 
  be specified by the caller 

   specifyMeCommentless(q..)

   Module: variableArguments.Other
      variable(x..)
           This method has a variable number of arguments 

      variableCommentless(c..)

      limited(x..)
          This method requires a specific number of arguments, w/o limiting type 

      limitedCommentless(x..)

      specifyMe(q..)
          This methods can take any number of arguments, but that number must 
     be specified by the caller 

      specifyMeCommentless(q..)

