Module: exportTest
   export method1()
       Comment for method1 

   export method1Commentless()

   export body2()
       Comment for method with a body 

   export bodyCommentless2()

   export hasArg2(val: int(64))
       Comment for method with an argument 

   export hasArgCommentless2(val: int(64))

   export argAndBody2(val: int(64))
       Comment for method with argument and body 

   export argAndBodyCommentless2(val: int(64))

   export longComment()
       This is a rather long comment
   It spans for multiple lines
   Trying to test most output 

   export hasReturnType2(): int(64)
       This method has a return type 

   export hasReturnTypeCommentless2(): int(64)

   export hasReturnTypeAndArg2(val: int(64)): int(64)
       This method has a return type and an argument 

   export hasReturnTypeAndArgCommentless2(val: int(64)): int(64)

   export returnTypeAndBody2(): int(64)
       This method has both a return type and a body 

   export returnTypeAndBodyCommentless2(): int(64)

   export allThree2(val: int(64)): int(64)
       This method has a return type, an argument, and a function body 

   export allThreeCommentless2(val: int(64)): int(64)

   Module: exportTest.Other
      export inside()
          Comment for method inside module 

      export insideCommentless()

      export body()
          Comment for method with a body inside module 

      export bodyCommentless()

      export hasArg(val: int(64))
          Comment for method with an argument inside module 

      export hasArgCommentless(val: int(64))

      export argAndBody(val: int(64))
          Comment for method with argument and body inside module 

      export argAndBodyCommentless(val: int(64))

      export hasReturnType(): int(64)
          This method has a return type 

      export hasReturnTypeCommentless(): int(64)

      export hasReturnTypeAndArg(val: int(64)): int(64)
          This method has a return type and an argument 

      export hasReturnTypeAndArgCommentless(val: int(64)): int(64)

      export returnTypeAndBody(): int(64)
          This method has both a return type and a body 

      export returnTypeAndBodyCommentless(): int(64)

      export allThree(val: int(64)): int(64)
          This method has a return type, an argument, and a function body 

      export allThreeCommentless(val: int(64)): int(64)

