Module: config
   config const var constant
       This is a config const 
   config const var constantTyped: bool
       This is a config const with a type 
   config var normal
       This is a normal config var 
   config var normalTyped: string
       This is a normal config var with a type 
   config param other
       This is a config param 
   config param otherTyped: int(64)
       This is a config param with a type 
