Module: methods
   Class: fullOfMethods
      commentless()

      hasComment()
          This is just a normal method with a comment.  I shouldn't
     need to test various other forms of methods, because those
     are tested elsewhere 

      inherited from object

   Record: fullOfMethodsToo
      commentless()

      hasComment()
          This is just a normal method with a comment.  I shouldn't
     need to test various other forms of methods, because those
     are tested elsewhere 

