Module: hello
   chpl__init_hello()

   hello()
       This method prints out a greeting.

