Module: Outer
    This module has a comment, but uncommented first method 
   outerFn()

   outerCommented()
       The second method is commented 

   Module: Outer.Inner
      innerFn()
          This module has no comment, but it's inner function does! 

