Module: sameName
   outerFn()
       This function is outside the defined module 

   Module: sameName.sameName
       This module has the same name as its file but doesn't
   contain all the code within the file 
      innerFn()
          Here is a proc within that module 

