Module: surroundingModule
   before()
       This comment and its proc lies before the defined module 

   after()
       This comment and its proc lies after the defined module 

   Module: surroundingModule.Middle
      inside()
          This comment and its proc lies inside the defined module 

