Module: arrays
   smallArray(val: [1..4] bool)
       This method takes an array of bools as an argument 

   multiDimension(val: [1..3, 2..8] string)
       This method takes a multidimensional array of strings 

   inception(val: [1..4] [3..7] int(64))
       This method takes an array of arrays of ints 

   uncertainLength(val: [] complex(128))
       This method takes an array of complex numbers of unspecified length 

   uncertainType(val: [])
       This method takes an array of unspecified length and type 

   uncertainTypeToo(val: [1..6])
       This method takes an array of unspecified type 

