Module: domains
   baseCase(dom: domain(1))
       This proc takes in a one dimensional array 

   twoDimension(dom: domain(2))
       This proc takes in a two dimensional array 

