Module: explicitImplicit
   foo(bar: int(64))
       This proc has an explicit type argument of type int 

   foo(bar: real(64))
       This proc has an explicit type argument of type real 

   foo(bar: bool)
       This proc has an explicit type argument of type bool 

   foo(bar: uint(64))
       This proc has an explicit type argument of type uint 

   foo(bar: imag(64))
       This proc has an explicit type argument of type imag 

   foo(bar: complex(128))
       This proc has an explicit type argument of type complex 

   foo(bar: string)
       This proc has an explicit type argument of type string 

   bar(baz)
       This proc has an implicit type argument 

