Module: methodCall
   nada() type
       This proc specifies the type of the next method's argument 

   needsAType(val: nada())
       This proc takes an argument whose type is determined by
   another method 

