Module: returnArray
   smallArray(): [1..4] bool
       This method returns an array of bools as an argument 

   multiDimension(): [1..3, 2..8] string
       This method returns a multidimensional array of strings 

   inception(): [1..4] [3..7] int(64)
       This method returns an array of arrays of ints 

