Module: returnDomain
   baseCase(): domain(1)
       This proc returns a one dimensional array 

   twoDimension(): domain(2)
       This proc returns a two dimensional array 

