Module: fieldInheritance
   Class: Elder
       This class has two fields 
      field rod: string
      field staff: bool
      inherited from object

   Class: Younger
       This class should inherit its Elder's fields 
      field key: int(64)
      field stone: imag(64)
      inherited from Elder
         field rod: string
         field staff: bool

      inherited from object

