Module: methods
   Class: fullOfMethods
      commented()
          This is just a normal method with a comment.  I shouldn't
     need to test various other forms of methods, because those
     are tested elsewhere 

      commentless()

      inherited from object

   Record: fullOfMethodsToo
      commented()
          This is just a normal method with a comment.  I shouldn't
     need to test various other forms of methods, because those
     are tested elsewhere 

      commentless()

