Module: hello
   hello()
       This method prints out a greeting.

