Module: nestFunctions
   outer()
       This the comment for the outer function 

