Module: sparselyCommented
   method1()
       Comment for method1 

   method1Commentless()

   body()
       Comment for method with a body 

   bodyCommentless()

   hasArg(val: int(64))
       Comment for method with an argument 

   hasArgCommentless(val: int(64))

   argAndBody(val: int(64))
       Comment for method with argument and body 

   argAndBodyCommentless(val: int(64))

   Module: sparselyCommented.Other
      inside()
          Comment for method inside module 

      insideCommentless()

      body()
          Comment for method with a body inside module 

      bodyCommentless()

      hasArg(val: int(64))
          Comment for method with an argument inside module 

      hasArgCommentless(val: int(64))

      argAndBody(val: int(64))
          Comment for method with argument and body inside module 

      argAndBodyCommentless(val: int(64))

